// Jest Snapshot v1, https://goo.gl/fbAQLP

exports[`Тестируем Form.tsx проверяем снимок 1`] = `
<form
  className="form"
  onSubmit={[MockFunction]}
>
  <h1
    className="form__title"
  >
    Заголовок
  </h1>
  <input
    className="input"
    name="login"
    onBlur={[Function]}
    onChange={[Function]}
    placeholder="Логин"
    type="text"
    value=""
  />
  <span
    className="input__error"
  />
  <input
    className="input"
    name="password"
    onBlur={[Function]}
    onChange={[Function]}
    placeholder="Пароль"
    type="password"
    value=""
  />
  <span
    className="input__error"
  />
  <button
    className="button"
    disabled={true}
    type="submit"
  >
    Кнопка
  </button>
  <a
    className="form__link"
    href="/register"
    onClick={[Function]}
  >
    Ссылка
  </a>
</form>
`;
